Navigating to project directory...
Directory not found
Navigating to project directory...
Directory not found
Navigating to project directory...
Starting build...

> bor-app@0.1.0 build
> react-scripts build

Creating an optimized production build...
[0;33mOne of your dependencies, babel-preset-react-app, is importing the
"@babel/plugin-proposal-private-property-in-object" package without
declaring it in its dependencies. This is currently working because
"@babel/plugin-proposal-private-property-in-object" is already in your
node_modules folder for unrelated reasons, but it [1mmay break at any time[0;33m.

babel-preset-react-app is part of the create-react-app project, [1mwhich
is not maintianed anymore[0;33m. It is thus unlikely that this bug will
ever be fixed. Add "@babel/plugin-proposal-private-property-in-object" to
your devDependencies to work around this error. This will make this message
go away.[0m
  
Compiled successfully.

File sizes after gzip:

  62.97 kB  build/static/js/main.1b89c408.js
  2.69 kB   build/static/js/488.a8f6b925.chunk.js
  1.79 kB   build/static/css/main.ecb1f216.css

The project was built assuming it is hosted at /.
You can control this with the homepage field in your package.json.

The build folder is ready to be deployed.
You may serve it with a static server:

  npm install -g serve
  serve -s build

Find out more about deployment here:

  https://cra.link/deployment

Build successful!
Committing changes to GitHub...
[main 75b4e0c] Build completed at 2025-01-21 15:13:09
 3 files changed, 84 insertions(+), 1 deletion(-)
 create mode 100644 deploy.log
 create mode 100755 deploy.sh
To https://github.com/hydrant99/bor-app.git
   bfa3907..75b4e0c  main -> main
Changes pushed to GitHub!
Sending success email...
Deployment script completed successfully!
Navigating to project directory...
Starting build...

> bor-app@0.1.0 build
> react-scripts build

Creating an optimized production build...
[0;33mOne of your dependencies, babel-preset-react-app, is importing the
"@babel/plugin-proposal-private-property-in-object" package without
declaring it in its dependencies. This is currently working because
"@babel/plugin-proposal-private-property-in-object" is already in your
node_modules folder for unrelated reasons, but it [1mmay break at any time[0;33m.

babel-preset-react-app is part of the create-react-app project, [1mwhich
is not maintianed anymore[0;33m. It is thus unlikely that this bug will
ever be fixed. Add "@babel/plugin-proposal-private-property-in-object" to
your devDependencies to work around this error. This will make this message
go away.[0m
  
Compiled successfully.

File sizes after gzip:

  62.98 kB (+12 B)  build/static/js/main.f39af89d.js
  2.69 kB           build/static/js/488.a8f6b925.chunk.js
  1.82 kB (+33 B)   build/static/css/main.a793b6ad.css

The project was built assuming it is hosted at /.
You can control this with the homepage field in your package.json.

The build folder is ready to be deployed.
You may serve it with a static server:

  npm install -g serve
  serve -s build

Find out more about deployment here:

  https://cra.link/deployment

Build successful!
Committing changes to GitHub...
[main 6276193] Build completed at 2025-01-21 15:25:42
 3 files changed, 74 insertions(+), 2 deletions(-)
To https://github.com/hydrant99/bor-app.git
   75b4e0c..6276193  main -> main
Changes pushed to GitHub!
Sending success email...
Deployment script completed successfully!
